#-----------------------------------------------------------
# Webtalk v2020.2 (64-bit)
# SW Build 3064766 on Wed Nov 18 09:12:45 MST 2020
# IP Build 3064653 on Wed Nov 18 14:17:31 MST 2020
# Start of session at: Sun Mar 21 22:36:28 2021
# Process ID: 2516
# Current directory: C:/Users/louis/Desktop/AMNS_IMPLEMENTATION/VIVADO/AMNS_ARITH_HW/AMNS_ARITH_HW.sim/sim_1/impl/timing/xsim
# Command line: wbtcv.exe -mode batch -source C:/Users/louis/Desktop/AMNS_IMPLEMENTATION/VIVADO/AMNS_ARITH_HW/AMNS_ARITH_HW.sim/sim_1/impl/timing/xsim/xsim.dir/poly_mem_top_tb_time_impl/webtalk/xsim_webtalk.tcl -notrace
# Log file: C:/Users/louis/Desktop/AMNS_IMPLEMENTATION/VIVADO/AMNS_ARITH_HW/AMNS_ARITH_HW.sim/sim_1/impl/timing/xsim/webtalk.log
# Journal file: C:/Users/louis/Desktop/AMNS_IMPLEMENTATION/VIVADO/AMNS_ARITH_HW/AMNS_ARITH_HW.sim/sim_1/impl/timing/xsim\webtalk.jou
#-----------------------------------------------------------
source C:/Users/louis/Desktop/AMNS_IMPLEMENTATION/VIVADO/AMNS_ARITH_HW/AMNS_ARITH_HW.sim/sim_1/impl/timing/xsim/xsim.dir/poly_mem_top_tb_time_impl/webtalk/xsim_webtalk.tcl -notrace
